Archive member included to satisfy reference by file (symbol)

../lib/libmylib.a(dectecteurLigne.o)
                              main.o (_ZN14DetecteurLigneC1Ev)
../lib/libmylib.a(Del.o)      main.o (_ZN3DelC1Ev)
../lib/libmylib.a(DetecteurDistance.o)
                              main.o (_ZN17DetecteurDistanceC1Ev)
../lib/libmylib.a(Moteur.o)   main.o (_ZN6MoteurC1Ev)
../lib/libmylib.a(robot.o)    main.o (_ZN5RobotC1Ev)
../lib/libmylib.a(Sonnerie.o)
                              main.o (_ZN3SonC1Ev)
../lib/libmylib.a(Uart.o)     ../lib/libmylib.a(dectecteurLigne.o) (_ZN4UartC1Ev)
../lib/libmylib.a(can.o)      ../lib/libmylib.a(dectecteurLigne.o) (_ZN3canC1Ev)
/usr/lib/gcc/avr/11.2.0/avr5/libgcc.a(_divmodhi4.o)
                              ../lib/libmylib.a(dectecteurLigne.o) (__divmodhi4)
/usr/lib/gcc/avr/11.2.0/avr5/libgcc.a(_exit.o)
                              /usr/lib/gcc/avr/11.2.0/../../../../avr/lib/avr5/crtatmega324pa.o (exit)
/usr/lib/gcc/avr/11.2.0/avr5/libgcc.a(_tablejump2.o)
                              ../lib/libmylib.a(dectecteurLigne.o) (__tablejump2__)
/usr/lib/gcc/avr/11.2.0/avr5/libgcc.a(_copy_data.o)
                              main.o (__do_copy_data)
/usr/lib/gcc/avr/11.2.0/avr5/libgcc.a(_clear_bss.o)
                              ../lib/libmylib.a(dectecteurLigne.o) (__do_clear_bss)
/usr/lib/gcc/avr/11.2.0/avr5/libgcc.a(_ctors.o)
                              ../lib/libmylib.a(dectecteurLigne.o) (__do_global_ctors)
/usr/lib/gcc/avr/11.2.0/avr5/libgcc.a(_dtors.o)
                              ../lib/libmylib.a(dectecteurLigne.o) (__do_global_dtors)
/usr/lib/gcc/avr/11.2.0/avr5/libgcc.a(_udivmodhi4.o)
                              /usr/lib/gcc/avr/11.2.0/avr5/libgcc.a(_divmodhi4.o) (__udivmodhi4)
/usr/lib/gcc/avr/11.2.0/../../../../avr/lib/avr5/libm.a(addsf3.o)
                              ../lib/libmylib.a(Sonnerie.o) (__subsf3)
/usr/lib/gcc/avr/11.2.0/../../../../avr/lib/avr5/libm.a(addsf3x.o)
                              /usr/lib/gcc/avr/11.2.0/../../../../avr/lib/avr5/libm.a(addsf3.o) (__addsf3x)
/usr/lib/gcc/avr/11.2.0/../../../../avr/lib/avr5/libm.a(divsf3.o)
                              ../lib/libmylib.a(Sonnerie.o) (__divsf3)
/usr/lib/gcc/avr/11.2.0/../../../../avr/lib/avr5/libm.a(divsf3x.o)
                              /usr/lib/gcc/avr/11.2.0/../../../../avr/lib/avr5/libm.a(divsf3.o) (__divsf3x)
/usr/lib/gcc/avr/11.2.0/../../../../avr/lib/avr5/libm.a(fixunssfsi.o)
                              ../lib/libmylib.a(Sonnerie.o) (__fixunssfsi)
/usr/lib/gcc/avr/11.2.0/../../../../avr/lib/avr5/libm.a(fp_inf.o)
                              /usr/lib/gcc/avr/11.2.0/../../../../avr/lib/avr5/libm.a(addsf3x.o) (__fp_inf)
/usr/lib/gcc/avr/11.2.0/../../../../avr/lib/avr5/libm.a(fp_nan.o)
                              /usr/lib/gcc/avr/11.2.0/../../../../avr/lib/avr5/libm.a(addsf3x.o) (__fp_nan)
/usr/lib/gcc/avr/11.2.0/../../../../avr/lib/avr5/libm.a(fp_pscA.o)
                              /usr/lib/gcc/avr/11.2.0/../../../../avr/lib/avr5/libm.a(addsf3x.o) (__fp_pscA)
/usr/lib/gcc/avr/11.2.0/../../../../avr/lib/avr5/libm.a(fp_pscB.o)
                              /usr/lib/gcc/avr/11.2.0/../../../../avr/lib/avr5/libm.a(addsf3x.o) (__fp_pscB)
/usr/lib/gcc/avr/11.2.0/../../../../avr/lib/avr5/libm.a(fp_round.o)
                              /usr/lib/gcc/avr/11.2.0/../../../../avr/lib/avr5/libm.a(addsf3.o) (__fp_round)
/usr/lib/gcc/avr/11.2.0/../../../../avr/lib/avr5/libm.a(fp_split3.o)
                              /usr/lib/gcc/avr/11.2.0/../../../../avr/lib/avr5/libm.a(addsf3x.o) (__fp_split3)
/usr/lib/gcc/avr/11.2.0/../../../../avr/lib/avr5/libm.a(fp_zero.o)
                              /usr/lib/gcc/avr/11.2.0/../../../../avr/lib/avr5/libm.a(addsf3x.o) (__fp_zero)
/usr/lib/gcc/avr/11.2.0/../../../../avr/lib/avr5/libm.a(mulsf3.o)
                              ../lib/libmylib.a(Sonnerie.o) (__mulsf3)
/usr/lib/gcc/avr/11.2.0/../../../../avr/lib/avr5/libm.a(mulsf3x.o)
                              /usr/lib/gcc/avr/11.2.0/../../../../avr/lib/avr5/libm.a(mulsf3.o) (__mulsf3x)

Memory Configuration

Name             Origin             Length             Attributes
text             0x0000000000000000 0x0000000000008000 xr
data             0x0000000000800060 0x0000000000000800 rw !x
eeprom           0x0000000000810000 0x0000000000000400 rw !x
fuse             0x0000000000820000 0x0000000000000003 rw !x
lock             0x0000000000830000 0x0000000000000400 rw !x
signature        0x0000000000840000 0x0000000000000400 rw !x
user_signatures  0x0000000000850000 0x0000000000000400 rw !x
*default*        0x0000000000000000 0xffffffffffffffff

Linker script and memory map

Address of section .data set to 0x800100
LOAD /usr/lib/gcc/avr/11.2.0/../../../../avr/lib/avr5/crtatmega324pa.o
LOAD main.o
LOAD /usr/lib/gcc/avr/11.2.0/../../../../avr/lib/avr5/libm.a
LOAD ../lib/libmylib.a
START GROUP
LOAD /usr/lib/gcc/avr/11.2.0/avr5/libgcc.a
LOAD /usr/lib/gcc/avr/11.2.0/../../../../avr/lib/avr5/libm.a
LOAD /usr/lib/gcc/avr/11.2.0/../../../../avr/lib/avr5/libc.a
LOAD /usr/lib/gcc/avr/11.2.0/../../../../avr/lib/avr5/libatmega324pa.a
END GROUP
                [0x0000000000008000]                __TEXT_REGION_LENGTH__ = DEFINED (__TEXT_REGION_LENGTH__)?__TEXT_REGION_LENGTH__:0x20000
                [0x0000000000000800]                __DATA_REGION_LENGTH__ = DEFINED (__DATA_REGION_LENGTH__)?__DATA_REGION_LENGTH__:0xffa0
                [0x0000000000000400]                __EEPROM_REGION_LENGTH__ = DEFINED (__EEPROM_REGION_LENGTH__)?__EEPROM_REGION_LENGTH__:0x10000
                [0x0000000000000003]                __FUSE_REGION_LENGTH__ = DEFINED (__FUSE_REGION_LENGTH__)?__FUSE_REGION_LENGTH__:0x400
                0x0000000000000400                __LOCK_REGION_LENGTH__ = DEFINED (__LOCK_REGION_LENGTH__)?__LOCK_REGION_LENGTH__:0x400
                0x0000000000000400                __SIGNATURE_REGION_LENGTH__ = DEFINED (__SIGNATURE_REGION_LENGTH__)?__SIGNATURE_REGION_LENGTH__:0x400
                0x0000000000000400                __USER_SIGNATURE_REGION_LENGTH__ = DEFINED (__USER_SIGNATURE_REGION_LENGTH__)?__USER_SIGNATURE_REGION_LENGTH__:0x400

.hash
 *(.hash)

.dynsym
 *(.dynsym)

.dynstr
 *(.dynstr)

.gnu.version
 *(.gnu.version)

.gnu.version_d
 *(.gnu.version_d)

.gnu.version_r
 *(.gnu.version_r)

.rel.init
 *(.rel.init)

.rela.init
 *(.rela.init)

.rel.text
 *(.rel.text)
 *(.rel.text.*)
 *(.rel.gnu.linkonce.t*)

.rela.text
 *(.rela.text)
 *(.rela.text.*)
 *(.rela.gnu.linkonce.t*)

.rel.fini
 *(.rel.fini)

.rela.fini
 *(.rela.fini)

.rel.rodata
 *(.rel.rodata)
 *(.rel.rodata.*)
 *(.rel.gnu.linkonce.r*)

.rela.rodata
 *(.rela.rodata)
 *(.rela.rodata.*)
 *(.rela.gnu.linkonce.r*)

.rel.data
 *(.rel.data)
 *(.rel.data.*)
 *(.rel.gnu.linkonce.d*)

.rela.data
 *(.rela.data)
 *(.rela.data.*)
 *(.rela.gnu.linkonce.d*)

.rel.ctors
 *(.rel.ctors)

.rela.ctors
 *(.rela.ctors)

.rel.dtors
 *(.rel.dtors)

.rela.dtors
 *(.rela.dtors)

.rel.got
 *(.rel.got)

.rela.got
 *(.rela.got)

.rel.bss
 *(.rel.bss)

.rela.bss
 *(.rela.bss)

.rel.plt
 *(.rel.plt)

.rela.plt
 *(.rela.plt)

.text           0x0000000000000000     0x1254
 *(.vectors)
 .vectors       0x0000000000000000       0x7c /usr/lib/gcc/avr/11.2.0/../../../../avr/lib/avr5/crtatmega324pa.o
                0x0000000000000000                __vectors
                0x0000000000000000                __vector_default
 *(.vectors)
 *(.progmem.gcc*)
                0x000000000000007c                . = ALIGN (0x2)
                0x000000000000007c                __trampolines_start = .
 *(.trampolines)
 .trampolines   0x000000000000007c        0x0 linker stubs
 *(.trampolines*)
                0x000000000000007c                __trampolines_end = .
 *libprintf_flt.a:*(.progmem.data)
 *libc.a:*(.progmem.data)
 *(.progmem.*)
                0x000000000000007c                . = ALIGN (0x2)
 *(.lowtext)
 *(.lowtext*)
                0x000000000000007c                __ctors_start = .
 *(.ctors)
 .ctors         0x000000000000007c        0x2 ../lib/libmylib.a(dectecteurLigne.o)
                0x000000000000007e                __ctors_end = .
                0x000000000000007e                __dtors_start = .
 *(.dtors)
 .dtors         0x000000000000007e        0x2 ../lib/libmylib.a(dectecteurLigne.o)
                0x0000000000000080                __dtors_end = .
 SORT_BY_NAME(*)(.ctors)
 SORT_BY_NAME(*)(.dtors)
 *(.init0)
 .init0         0x0000000000000080        0x0 /usr/lib/gcc/avr/11.2.0/../../../../avr/lib/avr5/crtatmega324pa.o
                0x0000000000000080                __init
 *(.init0)
 *(.init1)
 *(.init1)
 *(.init2)
 .init2         0x0000000000000080        0xc /usr/lib/gcc/avr/11.2.0/../../../../avr/lib/avr5/crtatmega324pa.o
 *(.init2)
 *(.init3)
 *(.init3)
 *(.init4)
 .init4         0x000000000000008c       0x16 /usr/lib/gcc/avr/11.2.0/avr5/libgcc.a(_copy_data.o)
                0x000000000000008c                __do_copy_data
 .init4         0x00000000000000a2       0x10 /usr/lib/gcc/avr/11.2.0/avr5/libgcc.a(_clear_bss.o)
                0x00000000000000a2                __do_clear_bss
 *(.init4)
 *(.init5)
 *(.init5)
 *(.init6)
 .init6         0x00000000000000b2       0x16 /usr/lib/gcc/avr/11.2.0/avr5/libgcc.a(_ctors.o)
                0x00000000000000b2                __do_global_ctors
 *(.init6)
 *(.init7)
 *(.init7)
 *(.init8)
 *(.init8)
 *(.init9)
 .init9         0x00000000000000c8        0x8 /usr/lib/gcc/avr/11.2.0/../../../../avr/lib/avr5/crtatmega324pa.o
 *(.init9)
 *(.text)
 .text          0x00000000000000d0        0x4 /usr/lib/gcc/avr/11.2.0/../../../../avr/lib/avr5/crtatmega324pa.o
                0x00000000000000d0                __vector_22
                0x00000000000000d0                __vector_28
                0x00000000000000d0                __vector_1
                0x00000000000000d0                __vector_24
                0x00000000000000d0                __vector_12
                0x00000000000000d0                __bad_interrupt
                0x00000000000000d0                __vector_6
                0x00000000000000d0                __vector_3
                0x00000000000000d0                __vector_23
                0x00000000000000d0                __vector_30
                0x00000000000000d0                __vector_25
                0x00000000000000d0                __vector_11
                0x00000000000000d0                __vector_13
                0x00000000000000d0                __vector_17
                0x00000000000000d0                __vector_19
                0x00000000000000d0                __vector_7
                0x00000000000000d0                __vector_27
                0x00000000000000d0                __vector_5
                0x00000000000000d0                __vector_4
                0x00000000000000d0                __vector_9
                0x00000000000000d0                __vector_2
                0x00000000000000d0                __vector_21
                0x00000000000000d0                __vector_15
                0x00000000000000d0                __vector_29
                0x00000000000000d0                __vector_8
                0x00000000000000d0                __vector_26
                0x00000000000000d0                __vector_14
                0x00000000000000d0                __vector_10
                0x00000000000000d0                __vector_18
                0x00000000000000d0                __vector_20
 .text          0x00000000000000d4        0x0 main.o
 .text          0x00000000000000d4      0x526 ../lib/libmylib.a(dectecteurLigne.o)
                0x00000000000000d4                _ZN14DetecteurLigneC1Ev
                0x00000000000000d4                _ZN14DetecteurLigneC2Ev
                0x000000000000013c                _ZN14DetecteurLigneD1Ev
                0x000000000000013c                _ZN14DetecteurLigneD2Ev
                0x000000000000016c                _ZN14DetecteurLigne13masquerEntreeEv
                0x0000000000000176                _ZN14DetecteurLigne15getDoublecheminEv
                0x000000000000017c                _ZN14DetecteurLigne10getPoint_SEv
                0x0000000000000182                _ZN14DetecteurLigne10getPoint_BEv
                0x0000000000000188                _ZN14DetecteurLigne17detecteurDistanceEv
                0x000000000000035c                _ZN14DetecteurLigne13detecterLigneEPc
 .text          0x00000000000005fa       0x72 ../lib/libmylib.a(Del.o)
                0x00000000000005fa                _ZN3DelC2Ev
                0x00000000000005fa                _ZN3DelC1Ev
                0x00000000000005fc                _ZN3DelD1Ev
                0x00000000000005fc                _ZN3DelD2Ev
                0x00000000000005fe                _ZN3Del5rougeEPVh
                0x000000000000060e                _ZN3Del4vertEPVh
                0x000000000000061e                _ZN3Del5ambreEPVh
                0x000000000000065c                _ZN3Del6eteintEPVh
 .text          0x000000000000066c      0x1e8 ../lib/libmylib.a(DetecteurDistance.o)
                0x000000000000066c                _ZN17DetecteurDistanceC1Ev
                0x000000000000066c                _ZN17DetecteurDistanceC2Ev
                0x00000000000006c6                _ZN17DetecteurDistanceD2Ev
                0x00000000000006c6                _ZN17DetecteurDistanceD1Ev
                0x00000000000006ee                _ZN17DetecteurDistance15getTabBarrieresEv
                0x00000000000006f2                _ZN17DetecteurDistance11detecterBarEv
 .text          0x0000000000000854      0x13a ../lib/libmylib.a(Moteur.o)
                0x0000000000000854                _ZN6MoteurC1Ev
                0x0000000000000854                _ZN6MoteurC2Ev
                0x000000000000087c                _ZN6MoteurD2Ev
                0x000000000000087c                _ZN6MoteurD1Ev
                0x000000000000087e                _ZN6Moteur17changementVitesseEjj
                0x0000000000000890                _ZN6Moteur13avancerMoteurEv
                0x00000000000008b0                _ZN6Moteur13avancerMoteurEjj
                0x00000000000008ca                _ZN6Moteur13reculerMoteurEv
                0x00000000000008ea                _ZN6Moteur13arreterMoteurEv
                0x00000000000008fc                _ZN6Moteur15tournerDroite90Ev
                0x000000000000091c                _ZN6Moteur15tournerGauche90Ev
                0x000000000000094e                _ZN6Moteur13tournerDroiteEjj
                0x000000000000096e                _ZN6Moteur13tournerGaucheEjj
 .text          0x000000000000098e      0x292 ../lib/libmylib.a(robot.o)
                0x000000000000098e                _ZN5RobotC1Ev
                0x000000000000098e                _ZN5RobotC2Ev
                0x00000000000009be                _ZN5RobotD2Ev
                0x00000000000009be                _ZN5RobotD1Ev
                0x00000000000009e0                _ZN5Robot15partirMinuterieEv
                0x0000000000000a04                _ZN5Robot14initialisationEv
                0x0000000000000a16                __vector_16
                0x0000000000000a22                _ZN5Robot12retournerTabEv
                0x0000000000000a40                _ZN5Robot7pariteAEv
                0x0000000000000a76                _ZN5Robot7partieBEv
                0x0000000000000c1e                _ZN5Robot7partieCEv
 .text          0x0000000000000c20       0xa8 ../lib/libmylib.a(Sonnerie.o)
                0x0000000000000c20                _ZN3SonC2Ev
                0x0000000000000c20                _ZN3SonC1Ev
                0x0000000000000c42                _ZN3SonD2Ev
                0x0000000000000c42                _ZN3SonD1Ev
                0x0000000000000c44                _ZN3Son8jouerSonEd
                0x0000000000000cc2                _ZN3Son10arreterSonEv
 .text          0x0000000000000cc8       0x70 ../lib/libmylib.a(Uart.o)
                0x0000000000000cc8                _ZN4UartC2Ev
                0x0000000000000cc8                _ZN4UartC1Ev
                0x0000000000000cf2                _ZN4UartD1Ev
                0x0000000000000cf2                _ZN4UartD2Ev
                0x0000000000000cf4                _ZN4Uart16transmissionUARTEh
                0x0000000000000d02                _ZN4Uart13receptionUARTEv
                0x0000000000000d10                _ZN4Uart14envoyerMessageEPKc
 .text          0x0000000000000d38       0x58 ../lib/libmylib.a(can.o)
                0x0000000000000d38                _ZN3canC2Ev
                0x0000000000000d38                _ZN3canC1Ev
                0x0000000000000d44                _ZN3canD1Ev
                0x0000000000000d44                _ZN3canD2Ev
                0x0000000000000d4a                _ZN3can7lectureEh
 .text          0x0000000000000d90        0x0 /usr/lib/gcc/avr/11.2.0/avr5/libgcc.a(_divmodhi4.o)
 .text          0x0000000000000d90        0x0 /usr/lib/gcc/avr/11.2.0/avr5/libgcc.a(_exit.o)
 .text          0x0000000000000d90        0x0 /usr/lib/gcc/avr/11.2.0/avr5/libgcc.a(_tablejump2.o)
 .text          0x0000000000000d90        0x0 /usr/lib/gcc/avr/11.2.0/avr5/libgcc.a(_copy_data.o)
 .text          0x0000000000000d90        0x0 /usr/lib/gcc/avr/11.2.0/avr5/libgcc.a(_clear_bss.o)
 .text          0x0000000000000d90        0x0 /usr/lib/gcc/avr/11.2.0/avr5/libgcc.a(_ctors.o)
 .text          0x0000000000000d90        0x0 /usr/lib/gcc/avr/11.2.0/avr5/libgcc.a(_dtors.o)
 .text          0x0000000000000d90        0x0 /usr/lib/gcc/avr/11.2.0/avr5/libgcc.a(_udivmodhi4.o)
 .text          0x0000000000000d90        0x0 /usr/lib/gcc/avr/11.2.0/../../../../avr/lib/avr5/libm.a(addsf3.o)
 .text          0x0000000000000d90        0x0 /usr/lib/gcc/avr/11.2.0/../../../../avr/lib/avr5/libm.a(addsf3x.o)
 .text          0x0000000000000d90        0x0 /usr/lib/gcc/avr/11.2.0/../../../../avr/lib/avr5/libm.a(divsf3.o)
 .text          0x0000000000000d90        0x0 /usr/lib/gcc/avr/11.2.0/../../../../avr/lib/avr5/libm.a(divsf3x.o)
 .text          0x0000000000000d90        0x0 /usr/lib/gcc/avr/11.2.0/../../../../avr/lib/avr5/libm.a(fixunssfsi.o)
 .text          0x0000000000000d90        0x0 /usr/lib/gcc/avr/11.2.0/../../../../avr/lib/avr5/libm.a(fp_inf.o)
 .text          0x0000000000000d90        0x0 /usr/lib/gcc/avr/11.2.0/../../../../avr/lib/avr5/libm.a(fp_nan.o)
 .text          0x0000000000000d90        0x0 /usr/lib/gcc/avr/11.2.0/../../../../avr/lib/avr5/libm.a(fp_pscA.o)
 .text          0x0000000000000d90        0x0 /usr/lib/gcc/avr/11.2.0/../../../../avr/lib/avr5/libm.a(fp_pscB.o)
 .text          0x0000000000000d90        0x0 /usr/lib/gcc/avr/11.2.0/../../../../avr/lib/avr5/libm.a(fp_round.o)
 .text          0x0000000000000d90        0x0 /usr/lib/gcc/avr/11.2.0/../../../../avr/lib/avr5/libm.a(fp_split3.o)
 .text          0x0000000000000d90        0x0 /usr/lib/gcc/avr/11.2.0/../../../../avr/lib/avr5/libm.a(fp_zero.o)
 .text          0x0000000000000d90        0x0 /usr/lib/gcc/avr/11.2.0/../../../../avr/lib/avr5/libm.a(mulsf3.o)
 .text          0x0000000000000d90        0x0 /usr/lib/gcc/avr/11.2.0/../../../../avr/lib/avr5/libm.a(mulsf3x.o)
                0x0000000000000d90                . = ALIGN (0x2)
 *(.text.*)
 .text.startup  0x0000000000000d90       0x6a main.o
                0x0000000000000d90                main
 .text.startup  0x0000000000000dfa        0x8 ../lib/libmylib.a(dectecteurLigne.o)
 .text.exit     0x0000000000000e02        0x8 ../lib/libmylib.a(dectecteurLigne.o)
 .text.libgcc.mul
                0x0000000000000e0a        0x0 /usr/lib/gcc/avr/11.2.0/avr5/libgcc.a(_divmodhi4.o)
 .text.libgcc.div
                0x0000000000000e0a       0x28 /usr/lib/gcc/avr/11.2.0/avr5/libgcc.a(_divmodhi4.o)
                0x0000000000000e0a                __divmodhi4
                0x0000000000000e0a                _div
 .text.libgcc   0x0000000000000e32        0x0 /usr/lib/gcc/avr/11.2.0/avr5/libgcc.a(_divmodhi4.o)
 .text.libgcc.prologue
                0x0000000000000e32        0x0 /usr/lib/gcc/avr/11.2.0/avr5/libgcc.a(_divmodhi4.o)
 .text.libgcc.builtins
                0x0000000000000e32        0x0 /usr/lib/gcc/avr/11.2.0/avr5/libgcc.a(_divmodhi4.o)
 .text.libgcc.fmul
                0x0000000000000e32        0x0 /usr/lib/gcc/avr/11.2.0/avr5/libgcc.a(_divmodhi4.o)
 .text.libgcc.fixed
                0x0000000000000e32        0x0 /usr/lib/gcc/avr/11.2.0/avr5/libgcc.a(_divmodhi4.o)
 .text.libgcc.mul
                0x0000000000000e32        0x0 /usr/lib/gcc/avr/11.2.0/avr5/libgcc.a(_exit.o)
 .text.libgcc.div
                0x0000000000000e32        0x0 /usr/lib/gcc/avr/11.2.0/avr5/libgcc.a(_exit.o)
 .text.libgcc   0x0000000000000e32        0x0 /usr/lib/gcc/avr/11.2.0/avr5/libgcc.a(_exit.o)
 .text.libgcc.prologue
                0x0000000000000e32        0x0 /usr/lib/gcc/avr/11.2.0/avr5/libgcc.a(_exit.o)
 .text.libgcc.builtins
                0x0000000000000e32        0x0 /usr/lib/gcc/avr/11.2.0/avr5/libgcc.a(_exit.o)
 .text.libgcc.fmul
                0x0000000000000e32        0x0 /usr/lib/gcc/avr/11.2.0/avr5/libgcc.a(_exit.o)
 .text.libgcc.fixed
                0x0000000000000e32        0x0 /usr/lib/gcc/avr/11.2.0/avr5/libgcc.a(_exit.o)
 .text.libgcc.mul
                0x0000000000000e32        0x0 /usr/lib/gcc/avr/11.2.0/avr5/libgcc.a(_tablejump2.o)
 .text.libgcc.div
                0x0000000000000e32        0x0 /usr/lib/gcc/avr/11.2.0/avr5/libgcc.a(_tablejump2.o)
 .text.libgcc   0x0000000000000e32        0xc /usr/lib/gcc/avr/11.2.0/avr5/libgcc.a(_tablejump2.o)
                0x0000000000000e32                __tablejump2__
 .text.libgcc.prologue
                0x0000000000000e3e        0x0 /usr/lib/gcc/avr/11.2.0/avr5/libgcc.a(_tablejump2.o)
 .text.libgcc.builtins
                0x0000000000000e3e        0x0 /usr/lib/gcc/avr/11.2.0/avr5/libgcc.a(_tablejump2.o)
 .text.libgcc.fmul
                0x0000000000000e3e        0x0 /usr/lib/gcc/avr/11.2.0/avr5/libgcc.a(_tablejump2.o)
 .text.libgcc.fixed
                0x0000000000000e3e        0x0 /usr/lib/gcc/avr/11.2.0/avr5/libgcc.a(_tablejump2.o)
 .text.libgcc.mul
                0x0000000000000e3e        0x0 /usr/lib/gcc/avr/11.2.0/avr5/libgcc.a(_copy_data.o)
 .text.libgcc.div
                0x0000000000000e3e        0x0 /usr/lib/gcc/avr/11.2.0/avr5/libgcc.a(_copy_data.o)
 .text.libgcc   0x0000000000000e3e        0x0 /usr/lib/gcc/avr/11.2.0/avr5/libgcc.a(_copy_data.o)
 .text.libgcc.prologue
                0x0000000000000e3e        0x0 /usr/lib/gcc/avr/11.2.0/avr5/libgcc.a(_copy_data.o)
 .text.libgcc.builtins
                0x0000000000000e3e        0x0 /usr/lib/gcc/avr/11.2.0/avr5/libgcc.a(_copy_data.o)
 .text.libgcc.fmul
                0x0000000000000e3e        0x0 /usr/lib/gcc/avr/11.2.0/avr5/libgcc.a(_copy_data.o)
 .text.libgcc.fixed
                0x0000000000000e3e        0x0 /usr/lib/gcc/avr/11.2.0/avr5/libgcc.a(_copy_data.o)
 .text.libgcc.mul
                0x0000000000000e3e        0x0 /usr/lib/gcc/avr/11.2.0/avr5/libgcc.a(_clear_bss.o)
 .text.libgcc.div
                0x0000000000000e3e        0x0 /usr/lib/gcc/avr/11.2.0/avr5/libgcc.a(_clear_bss.o)
 .text.libgcc   0x0000000000000e3e        0x0 /usr/lib/gcc/avr/11.2.0/avr5/libgcc.a(_clear_bss.o)
 .text.libgcc.prologue
                0x0000000000000e3e        0x0 /usr/lib/gcc/avr/11.2.0/avr5/libgcc.a(_clear_bss.o)
 .text.libgcc.builtins
                0x0000000000000e3e        0x0 /usr/lib/gcc/avr/11.2.0/avr5/libgcc.a(_clear_bss.o)
 .text.libgcc.fmul
                0x0000000000000e3e        0x0 /usr/lib/gcc/avr/11.2.0/avr5/libgcc.a(_clear_bss.o)
 .text.libgcc.fixed
                0x0000000000000e3e        0x0 /usr/lib/gcc/avr/11.2.0/avr5/libgcc.a(_clear_bss.o)
 .text.libgcc.mul
                0x0000000000000e3e        0x0 /usr/lib/gcc/avr/11.2.0/avr5/libgcc.a(_ctors.o)
 .text.libgcc.div
                0x0000000000000e3e        0x0 /usr/lib/gcc/avr/11.2.0/avr5/libgcc.a(_ctors.o)
 .text.libgcc   0x0000000000000e3e        0x0 /usr/lib/gcc/avr/11.2.0/avr5/libgcc.a(_ctors.o)
 .text.libgcc.prologue
                0x0000000000000e3e        0x0 /usr/lib/gcc/avr/11.2.0/avr5/libgcc.a(_ctors.o)
 .text.libgcc.builtins
                0x0000000000000e3e        0x0 /usr/lib/gcc/avr/11.2.0/avr5/libgcc.a(_ctors.o)
 .text.libgcc.fmul
                0x0000000000000e3e        0x0 /usr/lib/gcc/avr/11.2.0/avr5/libgcc.a(_ctors.o)
 .text.libgcc.fixed
                0x0000000000000e3e        0x0 /usr/lib/gcc/avr/11.2.0/avr5/libgcc.a(_ctors.o)
 .text.libgcc.mul
                0x0000000000000e3e        0x0 /usr/lib/gcc/avr/11.2.0/avr5/libgcc.a(_dtors.o)
 .text.libgcc.div
                0x0000000000000e3e        0x0 /usr/lib/gcc/avr/11.2.0/avr5/libgcc.a(_dtors.o)
 .text.libgcc   0x0000000000000e3e        0x0 /usr/lib/gcc/avr/11.2.0/avr5/libgcc.a(_dtors.o)
 .text.libgcc.prologue
                0x0000000000000e3e        0x0 /usr/lib/gcc/avr/11.2.0/avr5/libgcc.a(_dtors.o)
 .text.libgcc.builtins
                0x0000000000000e3e        0x0 /usr/lib/gcc/avr/11.2.0/avr5/libgcc.a(_dtors.o)
 .text.libgcc.fmul
                0x0000000000000e3e        0x0 /usr/lib/gcc/avr/11.2.0/avr5/libgcc.a(_dtors.o)
 .text.libgcc.fixed
                0x0000000000000e3e        0x0 /usr/lib/gcc/avr/11.2.0/avr5/libgcc.a(_dtors.o)
 .text.libgcc.mul
                0x0000000000000e3e        0x0 /usr/lib/gcc/avr/11.2.0/avr5/libgcc.a(_udivmodhi4.o)
 .text.libgcc.div
                0x0000000000000e3e       0x28 /usr/lib/gcc/avr/11.2.0/avr5/libgcc.a(_udivmodhi4.o)
                0x0000000000000e3e                __udivmodhi4
 .text.libgcc   0x0000000000000e66        0x0 /usr/lib/gcc/avr/11.2.0/avr5/libgcc.a(_udivmodhi4.o)
 .text.libgcc.prologue
                0x0000000000000e66        0x0 /usr/lib/gcc/avr/11.2.0/avr5/libgcc.a(_udivmodhi4.o)
 .text.libgcc.builtins
                0x0000000000000e66        0x0 /usr/lib/gcc/avr/11.2.0/avr5/libgcc.a(_udivmodhi4.o)
 .text.libgcc.fmul
                0x0000000000000e66        0x0 /usr/lib/gcc/avr/11.2.0/avr5/libgcc.a(_udivmodhi4.o)
 .text.libgcc.fixed
                0x0000000000000e66        0x0 /usr/lib/gcc/avr/11.2.0/avr5/libgcc.a(_udivmodhi4.o)
 .text.avr-libc.fplib
                0x0000000000000e66        0xe /usr/lib/gcc/avr/11.2.0/../../../../avr/lib/avr5/libm.a(addsf3.o)
                0x0000000000000e66                __subsf3
                0x0000000000000e68                __addsf3
 .text.avr-libc.fplib
                0x0000000000000e74       0xcc /usr/lib/gcc/avr/11.2.0/../../../../avr/lib/avr5/libm.a(addsf3x.o)
                0x0000000000000e96                __addsf3x
 .text.avr-libc.fplib
                0x0000000000000f40        0x8 /usr/lib/gcc/avr/11.2.0/../../../../avr/lib/avr5/libm.a(divsf3.o)
                0x0000000000000f40                __divsf3
 .text.avr-libc.fplib
                0x0000000000000f48       0xdc /usr/lib/gcc/avr/11.2.0/../../../../avr/lib/avr5/libm.a(divsf3x.o)
                0x0000000000000f68                __divsf3x
                0x0000000000000f6e                __divsf3_pse
 .text.avr-libc.fplib
                0x0000000000001024       0x5e /usr/lib/gcc/avr/11.2.0/../../../../avr/lib/avr5/libm.a(fixunssfsi.o)
                0x0000000000001024                __fixunssfsi
 .text.avr-libc.fplib
                0x0000000000001082        0xc /usr/lib/gcc/avr/11.2.0/../../../../avr/lib/avr5/libm.a(fp_inf.o)
                0x0000000000001082                __fp_inf
 .text.avr-libc.fplib
                0x000000000000108e        0x6 /usr/lib/gcc/avr/11.2.0/../../../../avr/lib/avr5/libm.a(fp_nan.o)
                0x000000000000108e                __fp_nan
 .text.avr-libc.fplib
                0x0000000000001094        0xe /usr/lib/gcc/avr/11.2.0/../../../../avr/lib/avr5/libm.a(fp_pscA.o)
                0x0000000000001094                __fp_pscA
 .text.avr-libc.fplib
                0x00000000000010a2        0xe /usr/lib/gcc/avr/11.2.0/../../../../avr/lib/avr5/libm.a(fp_pscB.o)
                0x00000000000010a2                __fp_pscB
 .text.avr-libc.fplib
                0x00000000000010b0       0x22 /usr/lib/gcc/avr/11.2.0/../../../../avr/lib/avr5/libm.a(fp_round.o)
                0x00000000000010b0                __fp_round
 .text.avr-libc.fplib
                0x00000000000010d2       0x44 /usr/lib/gcc/avr/11.2.0/../../../../avr/lib/avr5/libm.a(fp_split3.o)
                0x00000000000010d2                __fp_split3
                0x00000000000010e2                __fp_splitA
 .text.avr-libc.fplib
                0x0000000000001116        0xe /usr/lib/gcc/avr/11.2.0/../../../../avr/lib/avr5/libm.a(fp_zero.o)
                0x0000000000001116                __fp_zero
                0x0000000000001118                __fp_szero
 .text.avr-libc.fplib
                0x0000000000001124        0x8 /usr/lib/gcc/avr/11.2.0/../../../../avr/lib/avr5/libm.a(mulsf3.o)
                0x0000000000001124                __mulsf3
 .text.avr-libc.fplib
                0x000000000000112c       0xd2 /usr/lib/gcc/avr/11.2.0/../../../../avr/lib/avr5/libm.a(mulsf3x.o)
                0x000000000000114a                __mulsf3x
                0x0000000000001150                __mulsf3_pse
                0x00000000000011fe                . = ALIGN (0x2)
 *(.fini9)
 .fini9         0x00000000000011fe        0x0 /usr/lib/gcc/avr/11.2.0/avr5/libgcc.a(_exit.o)
                0x00000000000011fe                exit
                0x00000000000011fe                _exit
 *(.fini9)
 *(.fini8)
 *(.fini8)
 *(.fini7)
 *(.fini7)
 *(.fini6)
 .fini6         0x00000000000011fe       0x16 /usr/lib/gcc/avr/11.2.0/avr5/libgcc.a(_dtors.o)
                0x00000000000011fe                __do_global_dtors
 *(.fini6)
 *(.fini5)
 *(.fini5)
 *(.fini4)
 *(.fini4)
 *(.fini3)
 *(.fini3)
 *(.fini2)
 *(.fini2)
 *(.fini1)
 *(.fini1)
 *(.fini0)
 .fini0         0x0000000000001214        0x4 /usr/lib/gcc/avr/11.2.0/avr5/libgcc.a(_exit.o)
 *(.fini0)
 *(.hightext)
 *(.hightext*)
 *(.progmemx.*)
                0x0000000000001218                . = ALIGN (0x2)
 *(.jumptables)
 *(.jumptables*)
 .jumptables.gcc._ZN14DetecteurLigne13detecterLigneEPc
                0x0000000000001218       0x3c ../lib/libmylib.a(dectecteurLigne.o)
                0x0000000000001254                _etext = .

.data           0x0000000000800100      0x138 load address 0x0000000000001254
                0x0000000000800100                PROVIDE (__data_start = .)
 *(.data)
 .data          0x0000000000800100        0x0 /usr/lib/gcc/avr/11.2.0/../../../../avr/lib/avr5/crtatmega324pa.o
 .data          0x0000000000800100        0x0 main.o
 .data          0x0000000000800100        0x0 ../lib/libmylib.a(dectecteurLigne.o)
 .data          0x0000000000800100        0x0 ../lib/libmylib.a(Del.o)
 .data          0x0000000000800100        0x0 ../lib/libmylib.a(DetecteurDistance.o)
 .data          0x0000000000800100        0x0 ../lib/libmylib.a(Moteur.o)
 .data          0x0000000000800100        0x0 ../lib/libmylib.a(robot.o)
 .data          0x0000000000800100        0x0 ../lib/libmylib.a(Sonnerie.o)
 .data          0x0000000000800100        0x0 ../lib/libmylib.a(Uart.o)
 .data          0x0000000000800100        0x0 ../lib/libmylib.a(can.o)
 .data          0x0000000000800100        0x0 /usr/lib/gcc/avr/11.2.0/avr5/libgcc.a(_divmodhi4.o)
 .data          0x0000000000800100        0x0 /usr/lib/gcc/avr/11.2.0/avr5/libgcc.a(_exit.o)
 .data          0x0000000000800100        0x0 /usr/lib/gcc/avr/11.2.0/avr5/libgcc.a(_tablejump2.o)
 .data          0x0000000000800100        0x0 /usr/lib/gcc/avr/11.2.0/avr5/libgcc.a(_copy_data.o)
 .data          0x0000000000800100        0x0 /usr/lib/gcc/avr/11.2.0/avr5/libgcc.a(_clear_bss.o)
 .data          0x0000000000800100        0x0 /usr/lib/gcc/avr/11.2.0/avr5/libgcc.a(_ctors.o)
 .data          0x0000000000800100        0x0 /usr/lib/gcc/avr/11.2.0/avr5/libgcc.a(_dtors.o)
 .data          0x0000000000800100        0x0 /usr/lib/gcc/avr/11.2.0/avr5/libgcc.a(_udivmodhi4.o)
 .data          0x0000000000800100        0x0 /usr/lib/gcc/avr/11.2.0/../../../../avr/lib/avr5/libm.a(addsf3.o)
 .data          0x0000000000800100        0x0 /usr/lib/gcc/avr/11.2.0/../../../../avr/lib/avr5/libm.a(addsf3x.o)
 .data          0x0000000000800100        0x0 /usr/lib/gcc/avr/11.2.0/../../../../avr/lib/avr5/libm.a(divsf3.o)
 .data          0x0000000000800100        0x0 /usr/lib/gcc/avr/11.2.0/../../../../avr/lib/avr5/libm.a(divsf3x.o)
 .data          0x0000000000800100        0x0 /usr/lib/gcc/avr/11.2.0/../../../../avr/lib/avr5/libm.a(fixunssfsi.o)
 .data          0x0000000000800100        0x0 /usr/lib/gcc/avr/11.2.0/../../../../avr/lib/avr5/libm.a(fp_inf.o)
 .data          0x0000000000800100        0x0 /usr/lib/gcc/avr/11.2.0/../../../../avr/lib/avr5/libm.a(fp_nan.o)
 .data          0x0000000000800100        0x0 /usr/lib/gcc/avr/11.2.0/../../../../avr/lib/avr5/libm.a(fp_pscA.o)
 .data          0x0000000000800100        0x0 /usr/lib/gcc/avr/11.2.0/../../../../avr/lib/avr5/libm.a(fp_pscB.o)
 .data          0x0000000000800100        0x0 /usr/lib/gcc/avr/11.2.0/../../../../avr/lib/avr5/libm.a(fp_round.o)
 .data          0x0000000000800100        0x0 /usr/lib/gcc/avr/11.2.0/../../../../avr/lib/avr5/libm.a(fp_split3.o)
 .data          0x0000000000800100        0x0 /usr/lib/gcc/avr/11.2.0/../../../../avr/lib/avr5/libm.a(fp_zero.o)
 .data          0x0000000000800100        0x0 /usr/lib/gcc/avr/11.2.0/../../../../avr/lib/avr5/libm.a(mulsf3.o)
 .data          0x0000000000800100        0x0 /usr/lib/gcc/avr/11.2.0/../../../../avr/lib/avr5/libm.a(mulsf3x.o)
 *(.data*)
 *(.gnu.linkonce.d*)
 *(.rodata)
 .rodata        0x0000000000800100       0x94 ../lib/libmylib.a(dectecteurLigne.o)
 .rodata        0x0000000000800194       0x94 ../lib/libmylib.a(DetecteurDistance.o)
 *(.rodata*)
 .rodata.str1.1
                0x0000000000800228        0x8 main.o
 .rodata.str1.1
                0x0000000000800230        0x8 ../lib/libmylib.a(dectecteurLigne.o)
                                         0x10 (size before relaxing)
 .rodata.str1.1
                0x0000000000800238       0x10 ../lib/libmylib.a(robot.o)
 *(.gnu.linkonce.r*)
                0x0000000000800248                . = ALIGN (0x2)
                0x0000000000800238                _edata = .
                0x0000000000800238                PROVIDE (__data_end = .)

.bss            0x0000000000800238        0x2
                0x0000000000800238                PROVIDE (__bss_start = .)
 *(.bss)
 .bss           0x0000000000800238        0x0 /usr/lib/gcc/avr/11.2.0/../../../../avr/lib/avr5/crtatmega324pa.o
 .bss           0x0000000000800238        0x0 main.o
 .bss           0x0000000000800238        0x1 ../lib/libmylib.a(dectecteurLigne.o)
                0x0000000000800238                son
 .bss           0x0000000000800239        0x0 ../lib/libmylib.a(Del.o)
 .bss           0x0000000000800239        0x0 ../lib/libmylib.a(DetecteurDistance.o)
 .bss           0x0000000000800239        0x0 ../lib/libmylib.a(Moteur.o)
 .bss           0x0000000000800239        0x1 ../lib/libmylib.a(robot.o)
                0x0000000000800239                gMinuterieExpiree
 .bss           0x000000000080023a        0x0 ../lib/libmylib.a(Sonnerie.o)
 .bss           0x000000000080023a        0x0 ../lib/libmylib.a(Uart.o)
 .bss           0x000000000080023a        0x0 ../lib/libmylib.a(can.o)
 .bss           0x000000000080023a        0x0 /usr/lib/gcc/avr/11.2.0/avr5/libgcc.a(_divmodhi4.o)
 .bss           0x000000000080023a        0x0 /usr/lib/gcc/avr/11.2.0/avr5/libgcc.a(_exit.o)
 .bss           0x000000000080023a        0x0 /usr/lib/gcc/avr/11.2.0/avr5/libgcc.a(_tablejump2.o)
 .bss           0x000000000080023a        0x0 /usr/lib/gcc/avr/11.2.0/avr5/libgcc.a(_copy_data.o)
 .bss           0x000000000080023a        0x0 /usr/lib/gcc/avr/11.2.0/avr5/libgcc.a(_clear_bss.o)
 .bss           0x000000000080023a        0x0 /usr/lib/gcc/avr/11.2.0/avr5/libgcc.a(_ctors.o)
 .bss           0x000000000080023a        0x0 /usr/lib/gcc/avr/11.2.0/avr5/libgcc.a(_dtors.o)
 .bss           0x000000000080023a        0x0 /usr/lib/gcc/avr/11.2.0/avr5/libgcc.a(_udivmodhi4.o)
 .bss           0x000000000080023a        0x0 /usr/lib/gcc/avr/11.2.0/../../../../avr/lib/avr5/libm.a(addsf3.o)
 .bss           0x000000000080023a        0x0 /usr/lib/gcc/avr/11.2.0/../../../../avr/lib/avr5/libm.a(addsf3x.o)
 .bss           0x000000000080023a        0x0 /usr/lib/gcc/avr/11.2.0/../../../../avr/lib/avr5/libm.a(divsf3.o)
 .bss           0x000000000080023a        0x0 /usr/lib/gcc/avr/11.2.0/../../../../avr/lib/avr5/libm.a(divsf3x.o)
 .bss           0x000000000080023a        0x0 /usr/lib/gcc/avr/11.2.0/../../../../avr/lib/avr5/libm.a(fixunssfsi.o)
 .bss           0x000000000080023a        0x0 /usr/lib/gcc/avr/11.2.0/../../../../avr/lib/avr5/libm.a(fp_inf.o)
 .bss           0x000000000080023a        0x0 /usr/lib/gcc/avr/11.2.0/../../../../avr/lib/avr5/libm.a(fp_nan.o)
 .bss           0x000000000080023a        0x0 /usr/lib/gcc/avr/11.2.0/../../../../avr/lib/avr5/libm.a(fp_pscA.o)
 .bss           0x000000000080023a        0x0 /usr/lib/gcc/avr/11.2.0/../../../../avr/lib/avr5/libm.a(fp_pscB.o)
 .bss           0x000000000080023a        0x0 /usr/lib/gcc/avr/11.2.0/../../../../avr/lib/avr5/libm.a(fp_round.o)
 .bss           0x000000000080023a        0x0 /usr/lib/gcc/avr/11.2.0/../../../../avr/lib/avr5/libm.a(fp_split3.o)
 .bss           0x000000000080023a        0x0 /usr/lib/gcc/avr/11.2.0/../../../../avr/lib/avr5/libm.a(fp_zero.o)
 .bss           0x000000000080023a        0x0 /usr/lib/gcc/avr/11.2.0/../../../../avr/lib/avr5/libm.a(mulsf3.o)
 .bss           0x000000000080023a        0x0 /usr/lib/gcc/avr/11.2.0/../../../../avr/lib/avr5/libm.a(mulsf3x.o)
 *(.bss*)
 *(COMMON)
                0x000000000080023a                PROVIDE (__bss_end = .)
                0x0000000000001254                __data_load_start = LOADADDR (.data)
                0x000000000000138c                __data_load_end = (__data_load_start + SIZEOF (.data))

.noinit         0x000000000080023a        0x0
                [!provide]                        PROVIDE (__noinit_start = .)
 *(.noinit .noinit.* .gnu.linkonce.n.*)
                [!provide]                        PROVIDE (__noinit_end = .)
                0x000000000080023a                _end = .
                [!provide]                        PROVIDE (__heap_start = .)

.eeprom         0x0000000000810000        0x0
 *(.eeprom*)
                0x0000000000810000                __eeprom_end = .

.fuse
 *(.fuse)
 *(.lfuse)
 *(.hfuse)
 *(.efuse)

.lock
 *(.lock*)

.signature
 *(.signature*)

.stab           0x0000000000000000     0x24a8
 *(.stab)
 .stab          0x0000000000000000      0x1f8 main.o
 .stab          0x00000000000001f8      0xab0 ../lib/libmylib.a(dectecteurLigne.o)
                                        0xabc (size before relaxing)
 .stab          0x0000000000000ca8      0x288 ../lib/libmylib.a(Del.o)
                                        0x294 (size before relaxing)
 .stab          0x0000000000000f30      0x3cc ../lib/libmylib.a(DetecteurDistance.o)
                                        0x3d8 (size before relaxing)
 .stab          0x00000000000012fc      0x4f8 ../lib/libmylib.a(Moteur.o)
                                        0x504 (size before relaxing)
 .stab          0x00000000000017f4      0x6b4 ../lib/libmylib.a(robot.o)
                                        0x6c0 (size before relaxing)
 .stab          0x0000000000001ea8      0x1d4 ../lib/libmylib.a(Sonnerie.o)
                                        0x1e0 (size before relaxing)
 .stab          0x000000000000207c      0x24c ../lib/libmylib.a(Uart.o)
                                        0x258 (size before relaxing)
 .stab          0x00000000000022c8      0x1e0 ../lib/libmylib.a(can.o)
                                        0x1ec (size before relaxing)

.stabstr        0x0000000000000000     0x6c24
 *(.stabstr)
 .stabstr       0x0000000000000000     0x6c24 main.o

.stab.excl
 *(.stab.excl)

.stab.exclstr
 *(.stab.exclstr)

.stab.index
 *(.stab.index)

.stab.indexstr
 *(.stab.indexstr)

.comment        0x0000000000000000       0x23
 *(.comment)
 .comment       0x0000000000000000       0x23 main.o
                                         0x24 (size before relaxing)
 .comment       0x0000000000000023       0x24 ../lib/libmylib.a(dectecteurLigne.o)
 .comment       0x0000000000000023       0x24 ../lib/libmylib.a(Del.o)
 .comment       0x0000000000000023       0x24 ../lib/libmylib.a(DetecteurDistance.o)
 .comment       0x0000000000000023       0x24 ../lib/libmylib.a(Moteur.o)
 .comment       0x0000000000000023       0x24 ../lib/libmylib.a(robot.o)
 .comment       0x0000000000000023       0x24 ../lib/libmylib.a(Sonnerie.o)
 .comment       0x0000000000000023       0x24 ../lib/libmylib.a(Uart.o)
 .comment       0x0000000000000023       0x24 ../lib/libmylib.a(can.o)

.note.gnu.avr.deviceinfo
                0x0000000000000000       0x40
 .note.gnu.avr.deviceinfo
                0x0000000000000000       0x40 /usr/lib/gcc/avr/11.2.0/../../../../avr/lib/avr5/crtatmega324pa.o

.note.gnu.build-id
 *(.note.gnu.build-id)

.debug
 *(.debug)

.line
 *(.line)

.debug_srcinfo
 *(.debug_srcinfo)

.debug_sfnames
 *(.debug_sfnames)

.debug_aranges
 *(.debug_aranges)

.debug_pubnames
 *(.debug_pubnames)

.debug_info     0x0000000000000000      0x6cc
 *(.debug_info .gnu.linkonce.wi.*)
 .debug_info    0x0000000000000000      0x6cc /usr/lib/gcc/avr/11.2.0/../../../../avr/lib/avr5/crtatmega324pa.o

.debug_abbrev   0x0000000000000000      0x66e
 *(.debug_abbrev)
 .debug_abbrev  0x0000000000000000      0x66e /usr/lib/gcc/avr/11.2.0/../../../../avr/lib/avr5/crtatmega324pa.o

.debug_line     0x0000000000000000       0x1d
 *(.debug_line .debug_line.* .debug_line_end)
 .debug_line    0x0000000000000000       0x1d /usr/lib/gcc/avr/11.2.0/../../../../avr/lib/avr5/crtatmega324pa.o

.debug_frame
 *(.debug_frame)

.debug_str      0x0000000000000000      0x255
 *(.debug_str)
 .debug_str     0x0000000000000000      0x255 /usr/lib/gcc/avr/11.2.0/../../../../avr/lib/avr5/crtatmega324pa.o

.debug_loc
 *(.debug_loc)

.debug_macinfo
 *(.debug_macinfo)

.debug_weaknames
 *(.debug_weaknames)

.debug_funcnames
 *(.debug_funcnames)

.debug_typenames
 *(.debug_typenames)

.debug_varnames
 *(.debug_varnames)

.debug_pubtypes
 *(.debug_pubtypes)

.debug_ranges
 *(.debug_ranges)

.debug_addr
 *(.debug_addr)

.debug_line_str
 *(.debug_line_str)

.debug_loclists
 *(.debug_loclists)

.debug_macro
 *(.debug_macro)

.debug_names
 *(.debug_names)

.debug_rnglists
 *(.debug_rnglists)

.debug_str_offsets
 *(.debug_str_offsets)

.debug_sup
 *(.debug_sup)
OUTPUT(exec.elf elf32-avr)
LOAD linker stubs
