Archive member included to satisfy reference by file (symbol)

/usr/lib/gcc/avr/11.2.0/avr5/libgcc.a(_exit.o)
                              /usr/lib/gcc/avr/11.2.0/../../../../avr/lib/avr5/crtatmega324pa.o (exit)
/usr/lib/gcc/avr/11.2.0/avr5/libgcc.a(_clear_bss.o)
                              tp6_2.o (__do_clear_bss)
/usr/lib/gcc/avr/11.2.0/avr5/libgcc.a(_ctors.o)
                              tp6_2.o (__do_global_ctors)
/usr/lib/gcc/avr/11.2.0/avr5/libgcc.a(_dtors.o)
                              tp6_2.o (__do_global_dtors)
/usr/lib/gcc/avr/11.2.0/avr5/libgcc.a(_tablejump2.o)
                              /usr/lib/gcc/avr/11.2.0/avr5/libgcc.a(_ctors.o) (__tablejump2__)

Memory Configuration

Name             Origin             Length             Attributes
text             0x0000000000000000 0x0000000000008000 xr
data             0x0000000000800060 0x0000000000000800 rw !x
eeprom           0x0000000000810000 0x0000000000000400 rw !x
fuse             0x0000000000820000 0x0000000000000003 rw !x
lock             0x0000000000830000 0x0000000000000400 rw !x
signature        0x0000000000840000 0x0000000000000400 rw !x
user_signatures  0x0000000000850000 0x0000000000000400 rw !x
*default*        0x0000000000000000 0xffffffffffffffff

Linker script and memory map

Address of section .data set to 0x800100
LOAD /usr/lib/gcc/avr/11.2.0/../../../../avr/lib/avr5/crtatmega324pa.o
LOAD tp6_2.o
LOAD can.o
LOAD /usr/lib/gcc/avr/11.2.0/../../../../avr/lib/avr5/libm.a
START GROUP
LOAD /usr/lib/gcc/avr/11.2.0/avr5/libgcc.a
LOAD /usr/lib/gcc/avr/11.2.0/../../../../avr/lib/avr5/libm.a
LOAD /usr/lib/gcc/avr/11.2.0/../../../../avr/lib/avr5/libc.a
LOAD /usr/lib/gcc/avr/11.2.0/../../../../avr/lib/avr5/libatmega324pa.a
END GROUP
                [0x0000000000008000]                __TEXT_REGION_LENGTH__ = DEFINED (__TEXT_REGION_LENGTH__)?__TEXT_REGION_LENGTH__:0x20000
                [0x0000000000000800]                __DATA_REGION_LENGTH__ = DEFINED (__DATA_REGION_LENGTH__)?__DATA_REGION_LENGTH__:0xffa0
                [0x0000000000000400]                __EEPROM_REGION_LENGTH__ = DEFINED (__EEPROM_REGION_LENGTH__)?__EEPROM_REGION_LENGTH__:0x10000
                [0x0000000000000003]                __FUSE_REGION_LENGTH__ = DEFINED (__FUSE_REGION_LENGTH__)?__FUSE_REGION_LENGTH__:0x400
                0x0000000000000400                __LOCK_REGION_LENGTH__ = DEFINED (__LOCK_REGION_LENGTH__)?__LOCK_REGION_LENGTH__:0x400
                0x0000000000000400                __SIGNATURE_REGION_LENGTH__ = DEFINED (__SIGNATURE_REGION_LENGTH__)?__SIGNATURE_REGION_LENGTH__:0x400
                0x0000000000000400                __USER_SIGNATURE_REGION_LENGTH__ = DEFINED (__USER_SIGNATURE_REGION_LENGTH__)?__USER_SIGNATURE_REGION_LENGTH__:0x400

.hash
 *(.hash)

.dynsym
 *(.dynsym)

.dynstr
 *(.dynstr)

.gnu.version
 *(.gnu.version)

.gnu.version_d
 *(.gnu.version_d)

.gnu.version_r
 *(.gnu.version_r)

.rel.init
 *(.rel.init)

.rela.init
 *(.rela.init)

.rel.text
 *(.rel.text)
 *(.rel.text.*)
 *(.rel.gnu.linkonce.t*)

.rela.text
 *(.rela.text)
 *(.rela.text.*)
 *(.rela.gnu.linkonce.t*)

.rel.fini
 *(.rel.fini)

.rela.fini
 *(.rela.fini)

.rel.rodata
 *(.rel.rodata)
 *(.rel.rodata.*)
 *(.rel.gnu.linkonce.r*)

.rela.rodata
 *(.rela.rodata)
 *(.rela.rodata.*)
 *(.rela.gnu.linkonce.r*)

.rel.data
 *(.rel.data)
 *(.rel.data.*)
 *(.rel.gnu.linkonce.d*)

.rela.data
 *(.rela.data)
 *(.rela.data.*)
 *(.rela.gnu.linkonce.d*)

.rel.ctors
 *(.rel.ctors)

.rela.ctors
 *(.rela.ctors)

.rel.dtors
 *(.rel.dtors)

.rela.dtors
 *(.rela.dtors)

.rel.got
 *(.rel.got)

.rela.got
 *(.rela.got)

.rel.bss
 *(.rel.bss)

.rela.bss
 *(.rela.bss)

.rel.plt
 *(.rel.plt)

.rela.plt
 *(.rela.plt)

.text           0x0000000000000000      0x1b6
 *(.vectors)
 .vectors       0x0000000000000000       0x7c /usr/lib/gcc/avr/11.2.0/../../../../avr/lib/avr5/crtatmega324pa.o
                0x0000000000000000                __vectors
                0x0000000000000000                __vector_default
 *(.vectors)
 *(.progmem.gcc*)
                0x000000000000007c                . = ALIGN (0x2)
                0x000000000000007c                __trampolines_start = .
 *(.trampolines)
 .trampolines   0x000000000000007c        0x0 linker stubs
 *(.trampolines*)
                0x000000000000007c                __trampolines_end = .
 *libprintf_flt.a:*(.progmem.data)
 *libc.a:*(.progmem.data)
 *(.progmem.*)
                0x000000000000007c                . = ALIGN (0x2)
 *(.lowtext)
 *(.lowtext*)
                0x000000000000007c                __ctors_start = .
 *(.ctors)
 .ctors         0x000000000000007c        0x2 tp6_2.o
                0x000000000000007e                __ctors_end = .
                0x000000000000007e                __dtors_start = .
 *(.dtors)
 .dtors         0x000000000000007e        0x2 tp6_2.o
                0x0000000000000080                __dtors_end = .
 SORT_BY_NAME(*)(.ctors)
 SORT_BY_NAME(*)(.dtors)
 *(.init0)
 .init0         0x0000000000000080        0x0 /usr/lib/gcc/avr/11.2.0/../../../../avr/lib/avr5/crtatmega324pa.o
                0x0000000000000080                __init
 *(.init0)
 *(.init1)
 *(.init1)
 *(.init2)
 .init2         0x0000000000000080        0xc /usr/lib/gcc/avr/11.2.0/../../../../avr/lib/avr5/crtatmega324pa.o
 *(.init2)
 *(.init3)
 *(.init3)
 *(.init4)
 .init4         0x000000000000008c       0x10 /usr/lib/gcc/avr/11.2.0/avr5/libgcc.a(_clear_bss.o)
                0x000000000000008c                __do_clear_bss
 *(.init4)
 *(.init5)
 *(.init5)
 *(.init6)
 .init6         0x000000000000009c       0x16 /usr/lib/gcc/avr/11.2.0/avr5/libgcc.a(_ctors.o)
                0x000000000000009c                __do_global_ctors
 *(.init6)
 *(.init7)
 *(.init7)
 *(.init8)
 *(.init8)
 *(.init9)
 .init9         0x00000000000000b2        0x8 /usr/lib/gcc/avr/11.2.0/../../../../avr/lib/avr5/crtatmega324pa.o
 *(.init9)
 *(.text)
 .text          0x00000000000000ba        0x4 /usr/lib/gcc/avr/11.2.0/../../../../avr/lib/avr5/crtatmega324pa.o
                0x00000000000000ba                __vector_22
                0x00000000000000ba                __vector_28
                0x00000000000000ba                __vector_1
                0x00000000000000ba                __vector_24
                0x00000000000000ba                __vector_12
                0x00000000000000ba                __bad_interrupt
                0x00000000000000ba                __vector_6
                0x00000000000000ba                __vector_3
                0x00000000000000ba                __vector_23
                0x00000000000000ba                __vector_30
                0x00000000000000ba                __vector_25
                0x00000000000000ba                __vector_11
                0x00000000000000ba                __vector_13
                0x00000000000000ba                __vector_17
                0x00000000000000ba                __vector_19
                0x00000000000000ba                __vector_7
                0x00000000000000ba                __vector_27
                0x00000000000000ba                __vector_5
                0x00000000000000ba                __vector_4
                0x00000000000000ba                __vector_9
                0x00000000000000ba                __vector_2
                0x00000000000000ba                __vector_21
                0x00000000000000ba                __vector_15
                0x00000000000000ba                __vector_29
                0x00000000000000ba                __vector_8
                0x00000000000000ba                __vector_26
                0x00000000000000ba                __vector_14
                0x00000000000000ba                __vector_10
                0x00000000000000ba                __vector_16
                0x00000000000000ba                __vector_18
                0x00000000000000ba                __vector_20
 .text          0x00000000000000be       0x5e tp6_2.o
                0x00000000000000be                _Z4vertv
                0x00000000000000c4                _Z5rougev
                0x00000000000000ca                _Z5ambrev
                0x00000000000000ec                _Z35changementDeCouleur_Par_gLumiereNumv
 .text          0x000000000000011c       0x58 can.o
                0x000000000000011c                _ZN3canC2Ev
                0x000000000000011c                _ZN3canC1Ev
                0x0000000000000128                _ZN3canD1Ev
                0x0000000000000128                _ZN3canD2Ev
                0x000000000000012e                _ZN3can7lectureEh
 .text          0x0000000000000174        0x0 /usr/lib/gcc/avr/11.2.0/avr5/libgcc.a(_exit.o)
 .text          0x0000000000000174        0x0 /usr/lib/gcc/avr/11.2.0/avr5/libgcc.a(_clear_bss.o)
 .text          0x0000000000000174        0x0 /usr/lib/gcc/avr/11.2.0/avr5/libgcc.a(_ctors.o)
 .text          0x0000000000000174        0x0 /usr/lib/gcc/avr/11.2.0/avr5/libgcc.a(_dtors.o)
 .text          0x0000000000000174        0x0 /usr/lib/gcc/avr/11.2.0/avr5/libgcc.a(_tablejump2.o)
                0x0000000000000174                . = ALIGN (0x2)
 *(.text.*)
 .text.startup  0x0000000000000174       0x14 tp6_2.o
                0x0000000000000174                main
 .text.exit     0x0000000000000188        0x8 tp6_2.o
 .text.libgcc.mul
                0x0000000000000190        0x0 /usr/lib/gcc/avr/11.2.0/avr5/libgcc.a(_exit.o)
 .text.libgcc.div
                0x0000000000000190        0x0 /usr/lib/gcc/avr/11.2.0/avr5/libgcc.a(_exit.o)
 .text.libgcc   0x0000000000000190        0x0 /usr/lib/gcc/avr/11.2.0/avr5/libgcc.a(_exit.o)
 .text.libgcc.prologue
                0x0000000000000190        0x0 /usr/lib/gcc/avr/11.2.0/avr5/libgcc.a(_exit.o)
 .text.libgcc.builtins
                0x0000000000000190        0x0 /usr/lib/gcc/avr/11.2.0/avr5/libgcc.a(_exit.o)
 .text.libgcc.fmul
                0x0000000000000190        0x0 /usr/lib/gcc/avr/11.2.0/avr5/libgcc.a(_exit.o)
 .text.libgcc.fixed
                0x0000000000000190        0x0 /usr/lib/gcc/avr/11.2.0/avr5/libgcc.a(_exit.o)
 .text.libgcc.mul
                0x0000000000000190        0x0 /usr/lib/gcc/avr/11.2.0/avr5/libgcc.a(_clear_bss.o)
 .text.libgcc.div
                0x0000000000000190        0x0 /usr/lib/gcc/avr/11.2.0/avr5/libgcc.a(_clear_bss.o)
 .text.libgcc   0x0000000000000190        0x0 /usr/lib/gcc/avr/11.2.0/avr5/libgcc.a(_clear_bss.o)
 .text.libgcc.prologue
                0x0000000000000190        0x0 /usr/lib/gcc/avr/11.2.0/avr5/libgcc.a(_clear_bss.o)
 .text.libgcc.builtins
                0x0000000000000190        0x0 /usr/lib/gcc/avr/11.2.0/avr5/libgcc.a(_clear_bss.o)
 .text.libgcc.fmul
                0x0000000000000190        0x0 /usr/lib/gcc/avr/11.2.0/avr5/libgcc.a(_clear_bss.o)
 .text.libgcc.fixed
                0x0000000000000190        0x0 /usr/lib/gcc/avr/11.2.0/avr5/libgcc.a(_clear_bss.o)
 .text.libgcc.mul
                0x0000000000000190        0x0 /usr/lib/gcc/avr/11.2.0/avr5/libgcc.a(_ctors.o)
 .text.libgcc.div
                0x0000000000000190        0x0 /usr/lib/gcc/avr/11.2.0/avr5/libgcc.a(_ctors.o)
 .text.libgcc   0x0000000000000190        0x0 /usr/lib/gcc/avr/11.2.0/avr5/libgcc.a(_ctors.o)
 .text.libgcc.prologue
                0x0000000000000190        0x0 /usr/lib/gcc/avr/11.2.0/avr5/libgcc.a(_ctors.o)
 .text.libgcc.builtins
                0x0000000000000190        0x0 /usr/lib/gcc/avr/11.2.0/avr5/libgcc.a(_ctors.o)
 .text.libgcc.fmul
                0x0000000000000190        0x0 /usr/lib/gcc/avr/11.2.0/avr5/libgcc.a(_ctors.o)
 .text.libgcc.fixed
                0x0000000000000190        0x0 /usr/lib/gcc/avr/11.2.0/avr5/libgcc.a(_ctors.o)
 .text.libgcc.mul
                0x0000000000000190        0x0 /usr/lib/gcc/avr/11.2.0/avr5/libgcc.a(_dtors.o)
 .text.libgcc.div
                0x0000000000000190        0x0 /usr/lib/gcc/avr/11.2.0/avr5/libgcc.a(_dtors.o)
 .text.libgcc   0x0000000000000190        0x0 /usr/lib/gcc/avr/11.2.0/avr5/libgcc.a(_dtors.o)
 .text.libgcc.prologue
                0x0000000000000190        0x0 /usr/lib/gcc/avr/11.2.0/avr5/libgcc.a(_dtors.o)
 .text.libgcc.builtins
                0x0000000000000190        0x0 /usr/lib/gcc/avr/11.2.0/avr5/libgcc.a(_dtors.o)
 .text.libgcc.fmul
                0x0000000000000190        0x0 /usr/lib/gcc/avr/11.2.0/avr5/libgcc.a(_dtors.o)
 .text.libgcc.fixed
                0x0000000000000190        0x0 /usr/lib/gcc/avr/11.2.0/avr5/libgcc.a(_dtors.o)
 .text.libgcc.mul
                0x0000000000000190        0x0 /usr/lib/gcc/avr/11.2.0/avr5/libgcc.a(_tablejump2.o)
 .text.libgcc.div
                0x0000000000000190        0x0 /usr/lib/gcc/avr/11.2.0/avr5/libgcc.a(_tablejump2.o)
 .text.libgcc   0x0000000000000190        0xc /usr/lib/gcc/avr/11.2.0/avr5/libgcc.a(_tablejump2.o)
                0x0000000000000190                __tablejump2__
 .text.libgcc.prologue
                0x000000000000019c        0x0 /usr/lib/gcc/avr/11.2.0/avr5/libgcc.a(_tablejump2.o)
 .text.libgcc.builtins
                0x000000000000019c        0x0 /usr/lib/gcc/avr/11.2.0/avr5/libgcc.a(_tablejump2.o)
 .text.libgcc.fmul
                0x000000000000019c        0x0 /usr/lib/gcc/avr/11.2.0/avr5/libgcc.a(_tablejump2.o)
 .text.libgcc.fixed
                0x000000000000019c        0x0 /usr/lib/gcc/avr/11.2.0/avr5/libgcc.a(_tablejump2.o)
                0x000000000000019c                . = ALIGN (0x2)
 *(.fini9)
 .fini9         0x000000000000019c        0x0 /usr/lib/gcc/avr/11.2.0/avr5/libgcc.a(_exit.o)
                0x000000000000019c                exit
                0x000000000000019c                _exit
 *(.fini9)
 *(.fini8)
 *(.fini8)
 *(.fini7)
 *(.fini7)
 *(.fini6)
 .fini6         0x000000000000019c       0x16 /usr/lib/gcc/avr/11.2.0/avr5/libgcc.a(_dtors.o)
                0x000000000000019c                __do_global_dtors
 *(.fini6)
 *(.fini5)
 *(.fini5)
 *(.fini4)
 *(.fini4)
 *(.fini3)
 *(.fini3)
 *(.fini2)
 *(.fini2)
 *(.fini1)
 *(.fini1)
 *(.fini0)
 .fini0         0x00000000000001b2        0x4 /usr/lib/gcc/avr/11.2.0/avr5/libgcc.a(_exit.o)
 *(.fini0)
 *(.hightext)
 *(.hightext*)
 *(.progmemx.*)
                0x00000000000001b6                . = ALIGN (0x2)
 *(.jumptables)
 *(.jumptables*)
                0x00000000000001b6                _etext = .

.data           0x0000000000800100        0x0 load address 0x00000000000001b6
                [!provide]                        PROVIDE (__data_start = .)
 *(.data)
 .data          0x0000000000800100        0x0 /usr/lib/gcc/avr/11.2.0/../../../../avr/lib/avr5/crtatmega324pa.o
 .data          0x0000000000800100        0x0 tp6_2.o
 .data          0x0000000000800100        0x0 can.o
 .data          0x0000000000800100        0x0 /usr/lib/gcc/avr/11.2.0/avr5/libgcc.a(_exit.o)
 .data          0x0000000000800100        0x0 /usr/lib/gcc/avr/11.2.0/avr5/libgcc.a(_clear_bss.o)
 .data          0x0000000000800100        0x0 /usr/lib/gcc/avr/11.2.0/avr5/libgcc.a(_ctors.o)
 .data          0x0000000000800100        0x0 /usr/lib/gcc/avr/11.2.0/avr5/libgcc.a(_dtors.o)
 .data          0x0000000000800100        0x0 /usr/lib/gcc/avr/11.2.0/avr5/libgcc.a(_tablejump2.o)
 *(.data*)
 *(.gnu.linkonce.d*)
 *(.rodata)
 *(.rodata*)
 *(.gnu.linkonce.r*)
                0x0000000000800100                . = ALIGN (0x2)
                0x0000000000800100                _edata = .
                [!provide]                        PROVIDE (__data_end = .)

.bss            0x0000000000800100        0x2
                0x0000000000800100                PROVIDE (__bss_start = .)
 *(.bss)
 .bss           0x0000000000800100        0x0 /usr/lib/gcc/avr/11.2.0/../../../../avr/lib/avr5/crtatmega324pa.o
 .bss           0x0000000000800100        0x2 tp6_2.o
                0x0000000000800100                convertisseurAnalogique
                0x0000000000800101                gLumiereNum
 .bss           0x0000000000800102        0x0 can.o
 .bss           0x0000000000800102        0x0 /usr/lib/gcc/avr/11.2.0/avr5/libgcc.a(_exit.o)
 .bss           0x0000000000800102        0x0 /usr/lib/gcc/avr/11.2.0/avr5/libgcc.a(_clear_bss.o)
 .bss           0x0000000000800102        0x0 /usr/lib/gcc/avr/11.2.0/avr5/libgcc.a(_ctors.o)
 .bss           0x0000000000800102        0x0 /usr/lib/gcc/avr/11.2.0/avr5/libgcc.a(_dtors.o)
 .bss           0x0000000000800102        0x0 /usr/lib/gcc/avr/11.2.0/avr5/libgcc.a(_tablejump2.o)
 *(.bss*)
 *(COMMON)
                0x0000000000800102                PROVIDE (__bss_end = .)
                0x00000000000001b6                __data_load_start = LOADADDR (.data)
                0x00000000000001b6                __data_load_end = (__data_load_start + SIZEOF (.data))

.noinit         0x0000000000800102        0x0
                [!provide]                        PROVIDE (__noinit_start = .)
 *(.noinit .noinit.* .gnu.linkonce.n.*)
                [!provide]                        PROVIDE (__noinit_end = .)
                0x0000000000800102                _end = .
                [!provide]                        PROVIDE (__heap_start = .)

.eeprom         0x0000000000810000        0x0
 *(.eeprom*)
                0x0000000000810000                __eeprom_end = .

.fuse
 *(.fuse)
 *(.lfuse)
 *(.hfuse)
 *(.efuse)

.lock
 *(.lock*)

.signature
 *(.signature*)

.stab           0x0000000000000000      0x4ec
 *(.stab)
 .stab          0x0000000000000000      0x30c tp6_2.o
 .stab          0x000000000000030c      0x1e0 can.o
                                        0x1ec (size before relaxing)

.stabstr        0x0000000000000000      0x68f
 *(.stabstr)
 .stabstr       0x0000000000000000      0x68f tp6_2.o

.stab.excl
 *(.stab.excl)

.stab.exclstr
 *(.stab.exclstr)

.stab.index
 *(.stab.index)

.stab.indexstr
 *(.stab.indexstr)

.comment        0x0000000000000000       0x23
 *(.comment)
 .comment       0x0000000000000000       0x23 tp6_2.o
                                         0x24 (size before relaxing)
 .comment       0x0000000000000023       0x24 can.o

.note.gnu.avr.deviceinfo
                0x0000000000000000       0x40
 .note.gnu.avr.deviceinfo
                0x0000000000000000       0x40 /usr/lib/gcc/avr/11.2.0/../../../../avr/lib/avr5/crtatmega324pa.o

.note.gnu.build-id
 *(.note.gnu.build-id)

.debug
 *(.debug)

.line
 *(.line)

.debug_srcinfo
 *(.debug_srcinfo)

.debug_sfnames
 *(.debug_sfnames)

.debug_aranges
 *(.debug_aranges)

.debug_pubnames
 *(.debug_pubnames)

.debug_info     0x0000000000000000      0x6cc
 *(.debug_info .gnu.linkonce.wi.*)
 .debug_info    0x0000000000000000      0x6cc /usr/lib/gcc/avr/11.2.0/../../../../avr/lib/avr5/crtatmega324pa.o

.debug_abbrev   0x0000000000000000      0x66e
 *(.debug_abbrev)
 .debug_abbrev  0x0000000000000000      0x66e /usr/lib/gcc/avr/11.2.0/../../../../avr/lib/avr5/crtatmega324pa.o

.debug_line     0x0000000000000000       0x1d
 *(.debug_line .debug_line.* .debug_line_end)
 .debug_line    0x0000000000000000       0x1d /usr/lib/gcc/avr/11.2.0/../../../../avr/lib/avr5/crtatmega324pa.o

.debug_frame
 *(.debug_frame)

.debug_str      0x0000000000000000      0x255
 *(.debug_str)
 .debug_str     0x0000000000000000      0x255 /usr/lib/gcc/avr/11.2.0/../../../../avr/lib/avr5/crtatmega324pa.o

.debug_loc
 *(.debug_loc)

.debug_macinfo
 *(.debug_macinfo)

.debug_weaknames
 *(.debug_weaknames)

.debug_funcnames
 *(.debug_funcnames)

.debug_typenames
 *(.debug_typenames)

.debug_varnames
 *(.debug_varnames)

.debug_pubtypes
 *(.debug_pubtypes)

.debug_ranges
 *(.debug_ranges)

.debug_addr
 *(.debug_addr)

.debug_line_str
 *(.debug_line_str)

.debug_loclists
 *(.debug_loclists)

.debug_macro
 *(.debug_macro)

.debug_names
 *(.debug_names)

.debug_rnglists
 *(.debug_rnglists)

.debug_str_offsets
 *(.debug_str_offsets)

.debug_sup
 *(.debug_sup)
OUTPUT(test.elf elf32-avr)
LOAD linker stubs
